python : E:\CodeAlign\test_gemini.py:4: 
FutureWarning: 
At line:1 char:1
+ python test_gemini.py > 
test_output.txt 2>&1
+ ~~~~~~~~~~~~~~~~~~~~~~~~~~~~~~~~~~~~~~
~~~~~~
    + CategoryInfo          : NotSpecif 
   ied: (E:\CodeAlign\te...FutureWarni  
  ng: :String) [], RemoteException
    + FullyQualifiedErrorId : NativeCom 
   mandError
 

All support for the 
`google.generativeai` package has 
ended. It will no longer be receiving 
updates or bug fixes. Please switch to 
the `google.genai` package as soon as 
possible.
See README for more details:

https://github.com/google-gemini/depreca
ted-generative-ai-python/blob/main/READM
E.md

  import google.generativeai as genai
Testing generation with API key: AIzaSyDkyN...
Testing model: gemini-1.5-flash
FAILED with gemini-1.5-flash: 404 models/gemini-1.5-flash is not found for API version v1beta, or is not supported for generateContent. Call ListModels to see the list of available models and their supported methods.
Testing model: gemini-1.5-flash-001
FAILED with gemini-1.5-flash-001: 404 models/gemini-1.5-flash-001 is not found for API version v1beta, or is not supported for generateContent. Call ListModels to see the list of available models and their supported methods.
Testing model: gemini-1.5-flash-latest
FAILED with gemini-1.5-flash-latest: 404 models/gemini-1.5-flash-latest is not found for API version v1beta, or is not supported for generateContent. Call ListModels to see the list of available models and their supported methods.
Testing model: gemini-pro
FAILED with gemini-pro: 404 models/gemini-pro is not found for API version v1beta, or is not supported for generateContent. Call ListModels to see the list of available models and their supported methods.
Testing model: models/gemini-1.5-flash
FAILED with models/gemini-1.5-flash: 404 models/gemini-1.5-flash is not found for API version v1beta, or is not supported for generateContent. Call ListModels to see the list of available models and their supported methods.

Testing embeddings...
FAILED embedding with models/text-embedding-004: 404 models/text-embedding-004 is not found for API version v1beta, or is not supported for embedContent. Call ListModels to see the list of available models and their supported methods.
FAILED embedding with models/embedding-001: 404 models/embedding-001 is not found for API version v1beta, or is not supported for embedContent. Call ListModels to see the list of available models and their supported methods.
